  168 |     file.close();
      |     ^~~~
src/engine/audio/../../system/esp32_common.h: In instantiation of 'T constrain(T, T, T) [with T = int]':
src/engine/audio/../audio/engine.h:342:37:   required from here
  342 |         mixBuffer[s * 2] = constrain(mixBuffer[s * 2] + sampleL, 
-32767, 32767);
      |                            ~~~~~~~~~^~~~~~~~~~~~~~~~~~~~~~~~~~~~~~~~~~~~~~~~~~~
src/engine/audio/../../system/esp32_common.h:174:17: error: 'clamp' was not declared in this scope, and no declarations were found by argument-dependent lookup at the point of instantiation
  174 |     return clamp(value, min_val, max_val);
      |            ~~~~~^~~~~~~~~~~~~~~~~~~~~~~~~
C:/Users/digimbyte/.platformio/packages/toolchain-riscv32-esp/riscv32-esp-elf/include/c++/14.2.0/iomanip:521:26: error: expected ';' before '&' token
  521 |   extern template istream& operator>>(istream&, _Setiosflags);   
      |                          ^
      |                          ;
src/engine/audio/../../system/esp32_common.h:255:13: note: 'template<class T> constexpr T clamp(T, T, T)' declared here, later in the translation 
unit
  255 | constexpr T clamp(T value, T min_val, T max_val) {
      |             ^~~~~
C:/Users/digimbyte/.platformio/packages/toolchain-riscv32-esp/riscv32-esp-elf/include/c++/14.2.0/iomanip:522:19: error: 'istream' is not a template function
  522 |   extern template istream& operator>>(istream&, _Resetiosflags); 
      |                   ^~~~~~~
C:/Users/digimbyte/.platformio/packages/toolchain-riscv32-esp/riscv32-esp-elf/include/c++/14.2.0/iomanip:522:26: error: expected ';' before '&' token
  522 |   extern template istream& operator>>(istream&, _Resetiosflags); 
      |                          ^
      |                          ;
C:/Users/digimbyte/.platformio/packages/toolchain-riscv32-esp/riscv32-esp-elf/include/c++/14.2.0/iomanip:523:19: error: 'istream' is not a template function
  523 |   extern template istream& operator>>(istream&, _Setbase);       
      |                   ^~~~~~~
C:/Users/digimbyte/.platformio/packages/toolchain-riscv32-esp/riscv32-esp-elf/include/c++/14.2.0/iomanip:523:26: error: expected ';' before '&' token
  523 |   extern template istream& operator>>(istream&, _Setbase);       
      |                          ^
      |                          ;
C:/Users/digimbyte/.platformio/packages/toolchain-riscv32-esp/riscv32-esp-elf/include/c++/14.2.0/iomanip:524:19: error: 'istream' is not a template function
  524 |   extern template istream& operator>>(istream&, _Setprecision);  
      |                   ^~~~~~~
C:/Users/digimbyte/.platformio/packages/toolchain-riscv32-esp/riscv32-esp-elf/include/c++/14.2.0/iomanip:524:26: error: expected ';' before '&' token
  524 |   extern template istream& operator>>(istream&, _Setprecision);  
      |                          ^
      |                          ;
C:/Users/digimbyte/.platformio/packages/toolchain-riscv32-esp/riscv32-esp-elf/include/c++/14.2.0/iomanip:525:19: error: 'istream' is not a template function
  525 |   extern template istream& operator>>(istream&, _Setw);
      |                   ^~~~~~~
src/engine/database/save_system.cpp: In member function 'WispSaveResult WispSaveSystem::writeSaveData(const String&) const':
src/engine/database/save_system.cpp:288:5: error: 'File' was not declared in this scope
  288 |     File file;
      |     ^~~~
C:/Users/digimbyte/.platformio/packages/toolchain-riscv32-esp/riscv32-esp-elf/include/c++/14.2.0/iomanip:525:26: error: expected ';' before '&' token
  525 |   extern template istream& operator>>(istream&, _Setw);
      |                          ^
      |                          ;
C:/Users/digimbyte/.platformio/packages/toolchain-riscv32-esp/riscv32-esp-elf/include/c++/14.2.0/iomanip:528:19: error: 'wostream' is not a template function
  528 |   extern template wostream& operator<<(wostream&, _Setfill<wchar_t>);
      |                   ^~~~~~~~
C:/Users/digimbyte/.platformio/packages/toolchain-riscv32-esp/riscv32-esp-elf/include/c++/14.2.0/iomanip:528:27: error: expected ';' before '&' token
  528 |   extern template wostream& operator<<(wostream&, _Setfill<wchar_t>);
      |                           ^
      |                           ;
C:/Users/digimbyte/.platformio/packages/toolchain-riscv32-esp/riscv32-esp-elf/include/c++/14.2.0/iomanip:529:19: error: 'wostream' is not a template function
  529 |   extern template wostream& operator<<(wostream&, _Setiosflags); 
      |                   ^~~~~~~~
C:/Users/digimbyte/.platformio/packages/toolchain-riscv32-esp/riscv32-esp-elf/include/c++/14.2.0/iomanip:529:27: error: expected ';' before '&' token
  529 |   extern template wostream& operator<<(wostream&, _Setiosflags); 
      |                           ^
      |                           ;
C:/Users/digimbyte/.platformio/packages/toolchain-riscv32-esp/riscv32-esp-elf/include/c++/14.2.0/iomanip:530:19: error: 'wostream' is not a template function
  530 |   extern template wostream& operator<<(wostream&, _Resetiosflags);
      |                   ^~~~~~~~
C:/Users/digimbyte/.platformio/packages/toolchain-riscv32-esp/riscv32-esp-elf/include/c++/14.2.0/iomanip:530:27: error: expected ';' before '&' token
  530 |   extern template wostream& operator<<(wostream&, _Resetiosflags);
      |                           ^
      |                           ;
C:/Users/digimbyte/.platformio/packages/toolchain-riscv32-esp/riscv32-esp-elf/include/c++/14.2.0/iomanip:531:19: error: 'wostream' is not a template function
  531 |   extern template wostream& operator<<(wostream&, _Setbase);     
      |                   ^~~~~~~~
C:/Users/digimbyte/.platformio/packages/toolchain-riscv32-esp/riscv32-esp-elf/include/c++/14.2.0/iomanip:531:27: error: expected ';' before '&' token
  531 |   extern template wostream& operator<<(wostream&, _Setbase);     
      |                           ^
      |                           ;
C:/Users/digimbyte/.platformio/packages/toolchain-riscv32-esp/riscv32-esp-elf/include/c++/14.2.0/iomanip:532:19: error: 'wostream' is not a template function
  532 |   extern template wostream& operator<<(wostream&, _Setprecision);      |                   ^~~~~~~~
src/engine/database/save_system.cpp:290:9: error: 'file' was not declared in this scope
  290 |         file = SD.open(filePath, FILE_WRITE);
      |         ^~~~
C:/Users/digimbyte/.platformio/packages/toolchain-riscv32-esp/riscv32-esp-elf/include/c++/14.2.0/iomanip:532:27: error: expected ';' before '&' token
  532 |   extern template wostream& operator<<(wostream&, _Setprecision);      |                           ^
      |                           ;
C:/Users/digimbyte/.platformio/packages/toolchain-riscv32-esp/riscv32-esp-elf/include/c++/14.2.0/iomanip:533:19: error: 'wostream' is not a template function
  533 |   extern template wostream& operator<<(wostream&, _Setw);        
      |                   ^~~~~~~~
C:/Users/digimbyte/.platformio/packages/toolchain-riscv32-esp/riscv32-esp-elf/include/c++/14.2.0/iomanip:533:27: error: expected ';' before '&' token
  533 |   extern template wostream& operator<<(wostream&, _Setw);        
      |                           ^
      |                           ;
C:/Users/digimbyte/.platformio/packages/toolchain-riscv32-esp/riscv32-esp-elf/include/c++/14.2.0/iomanip:534:19: error: 'wistream' is not a template function
  534 |   extern template wistream& operator>>(wistream&, _Setfill<wchar_t>);
      |                   ^~~~~~~~
C:/Users/digimbyte/.platformio/packages/toolchain-riscv32-esp/riscv32-esp-elf/include/c++/14.2.0/iomanip:534:27: error: expected ';' before '&' token
  534 |   extern template wistream& operator>>(wistream&, _Setfill<wchar_t>);
      |                           ^
      |                           ;
C:/Users/digimbyte/.platformio/packages/toolchain-riscv32-esp/riscv32-esp-elf/include/c++/14.2.0/iomanip:535:19: error: 'wistream' is not a template function
  535 |   extern template wistream& operator>>(wistream&, _Setiosflags); 
      |                   ^~~~~~~~
C:/Users/digimbyte/.platformio/packages/toolchain-riscv32-esp/riscv32-esp-elf/include/c++/14.2.0/iomanip:535:27: error: expected ';' before '&' token
  535 |   extern template wistream& operator>>(wistream&, _Setiosflags); 
      |                           ^
      |                           ;
C:/Users/digimbyte/.platformio/packages/toolchain-riscv32-esp/riscv32-esp-elf/include/c++/14.2.0/iomanip:536:19: error: 'wistream' is not a template function
  536 |   extern template wistream& operator>>(wistream&, _Resetiosflags);
      |                   ^~~~~~~~
C:/Users/digimbyte/.platformio/packages/toolchain-riscv32-esp/riscv32-esp-elf/include/c++/14.2.0/iomanip:536:27: error: expected ';' before '&' token
  536 |   extern template wistream& operator>>(wistream&, _Resetiosflags);
      |                           ^
      |                           ;
C:/Users/digimbyte/.platformio/packages/toolchain-riscv32-esp/riscv32-esp-elf/include/c++/14.2.0/iomanip:537:19: error: 'wistream' is not a template function
  537 |   extern template wistream& operator>>(wistream&, _Setbase);     
      |                   ^~~~~~~~
C:/Users/digimbyte/.platformio/packages/toolchain-riscv32-esp/riscv32-esp-elf/include/c++/14.2.0/iomanip:537:27: error: expected ';' before '&' token
  537 |   extern template wistream& operator>>(wistream&, _Setbase);     
      |                           ^
      |                           ;
src/engine/database/save_system.cpp:290:16: error: 'SD' was not declared 
in this scope
  290 |         file = SD.open(filePath, FILE_WRITE);
      |                ^~
C:/Users/digimbyte/.platformio/packages/toolchain-riscv32-esp/riscv32-esp-elf/include/c++/14.2.0/iomanip:538:19: error: 'wistream' is not a template function
  538 |   extern template wistream& operator>>(wistream&, _Setprecision);      |                   ^~~~~~~~
C:/Users/digimbyte/.platformio/packages/toolchain-riscv32-esp/riscv32-esp-elf/include/c++/14.2.0/iomanip:538:27: error: expected ';' before '&' token
  538 |   extern template wistream& operator>>(wistream&, _Setprecision);      |                           ^
      |                           ;
C:/Users/digimbyte/.platformio/packages/toolchain-riscv32-esp/riscv32-esp-elf/include/c++/14.2.0/iomanip:539:19: error: 'wistream' is not a template function
  539 |   extern template wistream& operator>>(wistream&, _Setw);        
      |                   ^~~~~~~~
C:/Users/digimbyte/.platformio/packages/toolchain-riscv32-esp/riscv32-esp-elf/include/c++/14.2.0/iomanip:539:27: error: expected ';' before '&' token
  539 |   extern template wistream& operator>>(wistream&, _Setw);        
      |                           ^
      |                           ;
src/engine/core/debug.cpp:16:6: error: 'string' in namespace 'WispEngine::Core::std' does not name a type
   16 | std::string WispDebugSystem::currentAppName = "";
      |      ^~~~~~
src/engine/core/debug.cpp:53:48: error: 'string' in namespace 'WispEngine::Core::std' does not name a type
   53 | void WispDebugSystem::setCurrentApp(const std::string& appName) {      |                                                ^~~~~~
src/engine/core/debug.cpp:53:6: error: no declaration matches 'void WispEngine::Core::WispDebugSystem::setCurrentApp(const int&)'
   53 | void WispDebugSystem::setCurrentApp(const std::string& appName) {      |      ^~~~~~~~~~~~~~~
src/engine/core/debug.h:50:17: note: candidate is: 'static void WispEngine::Core::WispDebugSystem::setCurrentApp(const std::string&)'
   50 |     static void setCurrentApp(const std::string& appName);       
      |                 ^~~~~~~~~~~~~
src/engine/core/debug.h:19:7: note: 'class WispEngine::Core::WispDebugSystem' defined here
   19 | class WispDebugSystem {
      |       ^~~~~~~~~~~~~~~
src/engine/core/debug.cpp:68:50: error: 'string' in namespace 'WispEngine::Core::std' does not name a type
   68 | bool WispDebugSystem::checkQuotaLimit(const std::string& operation, bool withinLimit) {
      |                                                  ^~~~~~
src/engine/core/debug.cpp:68:6: error: no declaration matches 'bool WispEngine::Core::WispDebugSystem::checkQuotaLimit(const int&, bool)'
   68 | bool WispDebugSystem::checkQuotaLimit(const std::string& operation, bool withinLimit) {
      |      ^~~~~~~~~~~~~~~
src/engine/core/debug.h:55:17: note: candidate is: 'static bool WispEngine::Core::WispDebugSystem::checkQuotaLimit(const std::string&, bool)'     
   55 |     static bool checkQuotaLimit(const std::string& operation, bool withinLimit);
      |                 ^~~~~~~~~~~~~~~
src/engine/database/save_system.cpp:290:34: error: 'FILE_WRITE' was not declared in this scope; did you mean 'FA_WRITE'?
  290 |         file = SD.open(filePath, FILE_WRITE);
      |                                  ^~~~~~~~~~
      |                                  FA_WRITE
src/engine/core/debug.h:19:7: note: 'class WispEngine::Core::WispDebugSystem' defined here
   19 | class WispDebugSystem {
      |       ^~~~~~~~~~~~~~~
src/engine/core/debug.cpp:91:65: error: 'string' in namespace 'WispEngine::Core::std' does not name a type
   91 | void WispDebugSystem::logMessage(WispLogLevel level, const std::string& category, const std::string& message) {
      |                                                                 ^~~~~~
src/engine/core/debug.cpp:91:94: error: 'string' in namespace 'WispEngine::Core::std' does not name a type
   91 | void WispDebugSystem::logMessage(WispLogLevel level, const std::string& category, const std::string& message) {
      |
                            ^~~~~~
src/engine/core/debug.cpp:91:6: error: no declaration matches 'void WispEngine::Core::WispDebugSystem::logMessage(WispEngine::Core::WispLogLevel, 
const int&, const int&)'
   91 | void WispDebugSystem::logMessage(WispLogLevel level, const std::string& category, const std::string& message) {
      |      ^~~~~~~~~~~~~~~
src/engine/core/debug.h:58:17: note: candidate is: 'static void WispEngine::Core::WispDebugSystem::logMessage(WispEngine::Core::WispLogLevel, const std::string&, const std::string&)'
   58 |     static void logMessage(WispLogLevel level, const std::string& category, const std::string& message);
      |                 ^~~~~~~~~~
src/engine/core/debug.h:19:7: note: 'class WispEngine::Core::WispDebugSystem' defined here
   19 | class WispDebugSystem {
      |       ^~~~~~~~~~~~~~~
src/engine/core/debug.cpp:123:43: error: 'string' in namespace 'WispEngine::Core::std' does not name a type
  123 | void WispDebugSystem::logError(const std::string& category, const std::string& message) {
      |                                           ^~~~~~
src/engine/core/debug.cpp:123:72: error: 'string' in namespace 'WispEngine::Core::std' does not name a type
  123 | void WispDebugSystem::logError(const std::string& category, const std::string& message) {
      |
      ^~~~~~
src/engine/core/debug.cpp:123:6: error: no declaration matches 'void WispEngine::Core::WispDebugSystem::logError(const int&, const int&)'
  123 | void WispDebugSystem::logError(const std::string& category, const std::string& message) {
      |      ^~~~~~~~~~~~~~~
src/engine/core/debug.h:61:17: note: candidate is: 'static void WispEngine::Core::WispDebugSystem::logError(const std::string&, const std::string&)'
   61 |     static void logError(const std::string& category, const std::string& message);
      |                 ^~~~~~~~
src/engine/core/debug.h:19:7: note: 'class WispEngine::Core::WispDebugSystem' defined here
   19 | class WispDebugSystem {
      |       ^~~~~~~~~~~~~~~
src/engine/database/save_system.cpp:292:9: error: 'file' was not declared in this scope
  292 |         file = SPIFFS.open(filePath, FILE_WRITE);
      |         ^~~~
src/engine/core/debug.cpp:127:45: error: 'string' in namespace 'WispEngine::Core::std' does not name a type
  127 | void WispDebugSystem::logWarning(const std::string& category, const std::string& message) {
      |                                             ^~~~~~
src/engine/core/debug.cpp:127:74: error: 'string' in namespace 'WispEngine::Core::std' does not name a type
  127 | void WispDebugSystem::logWarning(const std::string& category, const std::string& message) {
      |
        ^~~~~~
src/engine/core/debug.cpp:127:6: error: no declaration matches 'void WispEngine::Core::WispDebugSystem::logWarning(const int&, const int&)'       
  127 | void WispDebugSystem::logWarning(const std::string& category, const std::string& message) {
      |      ^~~~~~~~~~~~~~~
src/engine/core/debug.h:62:17: note: candidate is: 'static void WispEngine::Core::WispDebugSystem::logWarning(const std::string&, const std::string&)'
   62 |     static void logWarning(const std::string& category, const std::string& message);
      |                 ^~~~~~~~~~
src/engine/core/debug.h:19:7: note: 'class WispEngine::Core::WispDebugSystem' defined here
   19 | class WispDebugSystem {
      |       ^~~~~~~~~~~~~~~
src/engine/core/debug.cpp:131:42: error: 'string' in namespace 'WispEngine::Core::std' does not name a type
  131 | void WispDebugSystem::logInfo(const std::string& category, const 
std::string& message) {
      |                                          ^~~~~~
src/engine/core/debug.cpp:131:71: error: 'string' in namespace 'WispEngine::Core::std' does not name a type
  131 | void WispDebugSystem::logInfo(const std::string& category, const 
std::string& message) {
      |
     ^~~~~~
src/engine/core/debug.cpp:131:6: error: no declaration matches 'void WispEngine::Core::WispDebugSystem::logInfo(const int&, const int&)'
  131 | void WispDebugSystem::logInfo(const std::string& category, const 
std::string& message) {
      |      ^~~~~~~~~~~~~~~
src/engine/core/debug.h:63:17: note: candidate is: 'static void WispEngine::Core::WispDebugSystem::logInfo(const std::string&, const std::string& 
'
   63 |     static void logInfo(const std::string& category, const std::string& message);
      |                 ^~~~~~~
src/engine/core/debug.h:19:7: note: 'class WispEngine::Core::WispDebugSystem' defined here
   19 | class WispDebugSystem {
      |       ^~~~~~~~~~~~~~~
src/engine/core/debug.cpp:135:43: error: 'string' in namespace 'WispEngine::Core::std' does not name a type
  135 | void WispDebugSystem::logDebug(const std::string& category, const std::string& message) {
      |                                           ^~~~~~
src/engine/core/debug.cpp:135:72: error: 'string' in namespace 'WispEngine::Core::std' does not name a type
  135 | void WispDebugSystem::logDebug(const std::string& category, const std::string& message) {
      |
      ^~~~~~
src/engine/database/save_system.cpp:292:16: error: 'SPIFFS' was not declared in this scope
  292 |         file = SPIFFS.open(filePath, FILE_WRITE);
      |                ^~~~~~
src/engine/core/debug.cpp:135:6: error: no declaration matches 'void WispEngine::Core::WispDebugSystem::logDebug(const int&, const int&)'
  135 | void WispDebugSystem::logDebug(const std::string& category, const std::string& message) {
      |      ^~~~~~~~~~~~~~~
src/engine/core/debug.h:64:17: note: candidate is: 'static void WispEngine::Core::WispDebugSystem::logDebug(const std::string&, const std::string&)'
   64 |     static void logDebug(const std::string& category, const std::string& message);
      |                 ^~~~~~~~
src/engine/core/debug.h:19:7: note: 'class WispEngine::Core::WispDebugSystem' defined here
   19 | class WispDebugSystem {
      |       ^~~~~~~~~~~~~~~
src/engine/core/debug.cpp:139:52: error: 'string' in namespace 'WispEngine::Core::std' does not name a type
  139 | void WispDebugSystem::logQuotaViolation(const std::string& resourceType, uint32_t current, uint32_t max) {
      |                                                    ^~~~~~        
src/engine/core/debug.cpp:139:6: error: no declaration matches 'void WispEngine::Core::WispDebugSystem::logQuotaViolation(const int&, uint32_t, uint32_t)'
  139 | void WispDebugSystem::logQuotaViolation(const std::string& resourceType, uint32_t current, uint32_t max) {
      |      ^~~~~~~~~~~~~~~
src/engine/core/debug.h:67:17: note: candidate is: 'static void WispEngine::Core::WispDebugSystem::logQuotaViolation(const std::string&, uint32_t, uint32_t)'
   67 |     static void logQuotaViolation(const std::string& resourceType, uint32_t current, uint32_t max);
      |                 ^~~~~~~~~~~~~~~~~
src/engine/core/debug.h:19:7: note: 'class WispEngine::Core::WispDebugSystem' defined here
   19 | class WispDebugSystem {
      |       ^~~~~~~~~~~~~~~
src/engine/core/debug.cpp:144:56: error: 'string' in namespace 'WispEngine::Core::std' does not name a type
  144 | void WispDebugSystem::logPerformanceWarning(const std::string& operation, uint32_t timeUs, uint32_t limitUs) {
      |                                                        ^~~~~~    
src/engine/core/debug.cpp:144:6: error: no declaration matches 'void WispEngine::Core::WispDebugSystem::logPerformanceWarning(const int&, uint32_t, uint32_t)'
  144 | void WispDebugSystem::logPerformanceWarning(const std::string& operation, uint32_t timeUs, uint32_t limitUs) {
      |      ^~~~~~~~~~~~~~~
src/engine/core/debug.h:68:17: note: candidate is: 'static void WispEngine::Core::WispDebugSystem::logPerformanceWarning(const std::string&, uint32_t, uint32_t)'
   68 |     static void logPerformanceWarning(const std::string& operation, uint32_t timeUs, uint32_t limitUs);
      |                 ^~~~~~~~~~~~~~~~~~~~~
src/engine/core/debug.h:19:7: note: 'class WispEngine::Core::WispDebugSystem' defined here
   19 | class WispDebugSystem {
      |       ^~~~~~~~~~~~~~~
src/engine/core/debug.cpp:161:56: error: 'string' in namespace 'WispEngine::Core::std' does not name a type
  161 | void WispDebugSystem::activateEmergencyMode(const std::string& reason) {
      |                                                        ^~~~~~    
src/engine/database/save_system.cpp:292:38: error: 'FILE_WRITE' was not declared in this scope; did you mean 'FA_WRITE'?
  292 |         file = SPIFFS.open(filePath, FILE_WRITE);
      |                                      ^~~~~~~~~~
      |                                      FA_WRITE
src/engine/core/debug.cpp:161:6: error: no declaration matches 'void WispEngine::Core::WispDebugSystem::activateEmergencyMode(const int&)'        
  161 | void WispDebugSystem::activateEmergencyMode(const std::string& reason) {
      |      ^~~~~~~~~~~~~~~
src/engine/core/debug.h:72:17: note: candidate is: 'static void WispEngine::Core::WispDebugSystem::activateEmergencyMode(const std::string&)'     
   72 |     static void activateEmergencyMode(const std::string& reason);      |                 ^~~~~~~~~~~~~~~~~~~~~
src/engine/core/debug.h:19:7: note: 'class WispEngine::Core::WispDebugSystem' defined here
   19 | class WispDebugSystem {
      |       ^~~~~~~~~~~~~~~
src/engine/core/debug.cpp:208:50: error: 'string' in namespace 'WispEngine::Core::std' does not name a type
  208 | void WispDebugSystem::writeToErrorLog(const std::string& message) {
      |                                                  ^~~~~~
src/engine/core/debug.cpp:208:6: error: no declaration matches 'void WispEngine::Core::WispDebugSystem::writeToErrorLog(const int&)'
  208 | void WispDebugSystem::writeToErrorLog(const std::string& message) {
      |      ^~~~~~~~~~~~~~~
src/engine/core/debug.h:37:17: note: candidate is: 'static void WispEngine::Core::WispDebugSystem::writeToErrorLog(const std::string&)'
   37 |     static void writeToErrorLog(const std::string& message);     
      |                 ^~~~~~~~~~~~~~~
src/engine/core/debug.h:19:7: note: 'class WispEngine::Core::WispDebugSystem' defined here
   19 | class WispDebugSystem {
      |       ^~~~~~~~~~~~~~~
src/engine/core/debug.cpp: In static member function 'static void WispEngine::Core::WispDebugSystem::checkErrorStorm()':
src/engine/core/debug.cpp:250:69: error: 'to_string' is not a member of  
WispEngine::Core::std'; did you mean 'std::__cxx11::to_string'?
  250 |         activateEmergencyMode("Too many errors per second: " + std::to_string(errorsThisSecond));
      |
   ^~~~~~~~~
C:/Users/digimbyte/.platformio/packages/toolchain-riscv32-esp/riscv32-esp-elf/include/c++/14.2.0/bits/basic_string.h:4421:3: note: 'std::__cxx11::to_string' declared here
 4421 |   to_string(long double __val)
      |   ^~~~~~~~~
src/engine/core/debug.cpp: In static member function 'static void WispEngine::Core::WispDebugSystem::logSystemStats()':
src/engine/core/debug.cpp:262:10: error: 'string' is not a member of 'WispEngine::Core::std'
  262 |     std::string stats = "Heap: " + std::to_string(get_free_heap()) +
      |          ^~~~~~
src/engine/core/debug.cpp:262:10: note: suggested alternatives:
C:/Users/digimbyte/.platformio/packages/toolchain-riscv32-esp/riscv32-esp-elf/include/c++/14.2.0/bits/stringfwd.h:77:33: note:   'std::string'    
   77 |   typedef basic_string<char>    string;
      |                                 ^~~~~~
src/engine/database/save_system.cpp:295:10: error: 'file' was not declared in this scope
  295 |     if (!file) {
      |          ^~~~
C:/Users/digimbyte/.platformio/packages/toolchain-riscv32-esp/riscv32-esp-elf/include/c++/14.2.0/string:75:11: note:   'std::pmr::string'
   75 |     using string    = basic_string<char>;
      |           ^~~~~~
src/engine/core/debug.cpp:266:9: error: 'stats' was not declared in this 
scope; did you mean 'stat'?
  266 |         stats += ", App: " + currentAppName;
      |         ^~~~~
      |         stat
src/engine/database/save_system.cpp:302:9: error: 'file' was not declared in this scope
  302 |     if (file.write((uint8_t*)&header, sizeof(WispSaveHeader)) != 
sizeof(WispSaveHeader)) {
      |         ^~~~
src/engine/core/debug.cpp:268:22: error: 'stats' was not declared in this scope; did you mean 'stat'?
  268 |     logInfo("STATS", stats);
      |                      ^~~~~
      |                      stat
src/engine/core/debug.cpp: At global scope:
src/engine/core/debug.cpp:271:6: error: 'string' in namespace 'WispEngine::Core::std' does not name a type
  271 | std::string WispDebugSystem::getTimestamp() {
      |      ^~~~~~
src/engine/core/debug.cpp:290:6: error: 'string' in namespace 'WispEngine::Core::std' does not name a type
  290 | std::string WispDebugSystem::getLevelString(WispLogLevel level) {      |      ^~~~~~
src/engine/core/debug.cpp:298:2: error: expected '}' at end of input     
  298 | }
      |  ^
src/engine/core/debug.h:8:28: note: to match this '{'
    8 | namespace WispEngine::Core {
      |                            ^
src/engine/database/save_system.cpp:310:9: error: 'file' was not declared in this scope
  310 |     if (file.write(buffer, totalDataSize) != totalDataSize) {    
      |         ^~~~
src/engine/database/save_system.cpp:317:5: error: 'file' was not declared in this scope
  317 |     file.close();
      |     ^~~~
In file included from src/engine/graphics/../graphics/engine.h:10,       
                 from src/engine/graphics/../namespaces.h:11:
src/engine/graphics/../graphics/renderer.h: In member function 'void ColorRenderer::setAnimation(uint8_t, uint8_t, const Color*, uint8_t, uint16_t)':
src/engine/graphics/../graphics/renderer.h:43:39: warning: comparison is 
always false due to limited range of data type [-Wtype-limits]
   43 |     if (slot >= MAX_PALETTES || index >= PALETTE_SIZE) return;   
      |                                       ^
src/engine/graphics/../graphics/renderer.h: In member function 'Color ColorRenderer::resolveColor(uint8_t, uint8_t) const':
src/engine/graphics/../graphics/renderer.h:67:44: warning: comparison is 
always false due to limited range of data type [-Wtype-limits]
   67 |     if (paletteId >= MAX_PALETTES || index >= PALETTE_SIZE) return 0;
      |                                            ^
src/engine/database/save_system.cpp: In member function 'WispSaveResult WispSaveSystem::readSaveData(const String&)':
src/engine/database/save_system.cpp:340:5: error: 'File' was not declared in this scope
  340 |     File file;
      |     ^~~~
src/engine/graphics/../graphics/engine.h: At global scope:
src/system/definitions.h:14:25: error: expected unqualified-id before numeric constant
   14 | #define SPRITE_LUT_SIZE 64
      |                         ^~
src/engine/graphics/../graphics/engine.h:19:18: note: in expansion of macro 'SPRITE_LUT_SIZE'
   19 | constexpr size_t SPRITE_LUT_SIZE = 64;
      |                  ^~~~~~~~~~~~~~~
src/engine/app/../graphics/../../system/definitions.h:54:16: warning: 'DUMMY_HEIGHT_MAP' defined but not used [-Wunused-variable]
   54 | static uint8_t DUMMY_HEIGHT_MAP[SCREEN_WIDTH] = {0};
      |                ^~~~~~~~~~~~~~~~
src/system/definitions.h:13:21: error: expected unqualified-id before numeric constant
   13 | #define MAX_SPRITES 256
      |                     ^~~
src/engine/graphics/../graphics/engine.h:20:18: note: in expansion of macro 'MAX_SPRITES'
   20 | constexpr size_t MAX_SPRITES = 256;
      |                  ^~~~~~~~~~~
src/system/definitions.h:47:23: error: expected unqualified-id before numeric constant
   47 | #define SCREEN_WIDTH  172    // 172 pixels wide
      |                       ^~~
src/engine/graphics/../graphics/engine.h:24:20: note: in expansion of macro 'SCREEN_WIDTH'
   24 | constexpr uint16_t SCREEN_WIDTH = DISPLAY_WIDTH;
      |                    ^~~~~~~~~~~~
src/system/definitions.h:48:23: error: expected unqualified-id before numeric constant
   48 | #define SCREEN_HEIGHT 320    // 320 pixels tall
      |                       ^~~
src/engine/graphics/../graphics/engine.h:25:20: note: in expansion of macro 'SCREEN_HEIGHT'
   25 | constexpr uint16_t SCREEN_HEIGHT = DISPLAY_HEIGHT;
      |                    ^~~~~~~~~~~~~
src/engine/database/save_system.cpp:342:9: error: 'file' was not declared in this scope
  342 |         file = SD.open(filePath, FILE_READ);
      |         ^~~~
src/engine/database/save_system.cpp:342:16: error: 'SD' was not declared 
in this scope
  342 |         file = SD.open(filePath, FILE_READ);
      |                ^~
src/engine/graphics/../audio/engine.h: In member function 'void WispEngine::Graphics::AudioEngine::initI2S()':
src/engine/graphics/../audio/engine.h:141:31: warning: 'WispEngine::Graphics::I2S_COMM_FORMAT_I2S_MSB' is deprecated [-Wdeprecated-declarations]  
  141 |       .communication_format = I2S_COMM_FORMAT_I2S_MSB,
      |                               ^~~~~~~~~~~~~~~~~~~~~~~
In file included from C:/Users/digimbyte/.platformio/packages/framework-espidf/components/driver/deprecated/driver/i2s.h:20:
C:/Users/digimbyte/.platformio/packages/framework-espidf/components/driver/deprecated/driver/i2s_types_legacy.h:89:5: note: declared here
   89 |     I2S_COMM_FORMAT_I2S_MSB   __attribute__((deprecated)) = 0x01, /*!< I2S format MSB, (I2S_COMM_FORMAT_I2S |I2S_COMM_FORMAT_I2S_MSB) correspond to `I2S_COMM_FORMAT_STAND_I2S`*/
      |     ^~~~~~~~~~~~~~~~~~~~~~~
src/engine/database/save_system.cpp:342:34: error: 'FILE_READ' was not declared in this scope; did you mean 'FA_READ'?
  342 |         file = SD.open(filePath, FILE_READ);
      |                                  ^~~~~~~~~
      |                                  FA_READ
src/engine/graphics/../audio/engine.h:147:5: warning: missing initializer for member 'WispEngine::Graphics::i2s_driver_config_t::fixed_mclk' [-Wmissing-field-initializers]
  147 |     };
      |     ^
src/engine/graphics/../audio/engine.h:147:5: warning: missing initializer for member 'WispEngine::Graphics::i2s_driver_config_t::mclk_multiple' [-Wmissing-field-initializers]
*** [.pio\build\esp32-s3-i80\src\engine\app\curated_api.cpp.o] Error 1   
src/engine/graphics/../audio/engine.h:147:5: warning: missing initializer for member 'WispEngine::Graphics::i2s_driver_config_t::bits_per_chan' [-Wmissing-field-initializers]
src/engine/graphics/../audio/engine.h:147:5: warning: missing initializer for member 'WispEngine::Graphics::i2s_driver_config_t::chan_mask' [-Wmissing-field-initializers]
src/engine/graphics/../audio/engine.h:147:5: warning: missing initializer for member 'WispEngine::Graphics::i2s_driver_config_t::total_chan' [-Wmissing-field-initializers]
src/engine/graphics/../audio/engine.h:147:5: warning: missing initializer for member 'WispEngine::Graphics::i2s_driver_config_t::left_align' [-Wmissing-field-initializers]
src/engine/graphics/../audio/engine.h:147:5: warning: missing initializer for member 'WispEngine::Graphics::i2s_driver_config_t::big_edin' [-Wmissing-field-initializers]
src/engine/graphics/../audio/engine.h:147:5: warning: missing initializer for member 'WispEngine::Graphics::i2s_driver_config_t::bit_order_msb' [-Wmissing-field-initializers]
src/engine/graphics/../audio/engine.h:147:5: warning: missing initializer for member 'WispEngine::Graphics::i2s_driver_config_t::skip_msk' [-Wmissing-field-initializers]
src/engine/graphics/../audio/engine.h:154:5: warning: missing initializer for member 'WispEngine::Graphics::i2s_pin_config_t::mck_io_num' [-Wmissing-field-initializers]
  154 |     };
      |     ^
src/engine/graphics/../namespaces.h: At global scope:
src/engine/graphics/../namespaces.h:68:19: error: 'namespace WispEngine::Graphics::WispEngine::Core::Timing { }' redeclared as different kind of entity
   68 |         namespace Timing {
      |                   ^~~~~~
src/engine/graphics/../namespaces.h:22:15: note: previous declaration 'class WispEngine::Graphics::WispEngine::Core::Timing'
   22 |         class Timing;
      |               ^~~~~~
src/engine/graphics/../namespaces.h: In function 'bool WispEngine::Graphics::WispEngine::Graphics::initialize()':
src/engine/graphics/../namespaces.h:111:33: error: 'class WispEngine::Graphics::GraphicsEngine' has no member named 'initialize'
  111 |             return getEngine()->initialize();
      |                                 ^~~~~~~~~~
src/engine/database/save_system.cpp:344:9: error: 'file' was not declared in this scope
  344 |         file = SPIFFS.open(filePath, FILE_READ);
      |         ^~~~
src/engine/graphics/../namespaces.h: In function 'void WispEngine::Graphics::WispEngine::Audio::cleanup()':
src/engine/graphics/../namespaces.h:144:25: error: 'class WispEngine::Graphics::AudioEngine' has no member named 'cleanup'
  144 |                 engine->cleanup();
      |                         ^~~~~~~
src/engine/database/save_system.cpp:344:16: error: 'SPIFFS' was not declared in this scope
  344 |         file = SPIFFS.open(filePath, FILE_READ);
      |                ^~~~~~
src/system/definitions.h:54:16: warning: 'DUMMY_HEIGHT_MAP' defined but not used [-Wunused-variable]
   54 | static uint8_t DUMMY_HEIGHT_MAP[SCREEN_WIDTH] = {0};
      |                ^~~~~~~~~~~~~~~~
src/engine/graphics/../namespaces.h: At global scope:
src/engine/graphics/../namespaces.h:154:19: error: 'namespace WispEngine::Graphics::WispEngine::Database::SaveSystem { }' redeclared as different 
kind of entity
  154 |         namespace SaveSystem {
      |                   ^~~~~~~~~~
src/engine/graphics/../namespaces.h:152:15: note: previous declaration 'class WispEngine::Graphics::WispEngine::Database::SaveSystem'
  152 |         class SaveSystem;
      |               ^~~~~~~~~~
src/engine/database/save_system.cpp:344:38: error: 'FILE_READ' was not declared in this scope; did you mean 'FA_READ'?
  344 |         file = SPIFFS.open(filePath, FILE_READ);
      |                                      ^~~~~~~~~
      |                                      FA_READ
src/engine/graphics/../../../src/engine/graphics/optimized_engine.h: In member function 'void WispEngine::Graphics::OptimizedGraphicsEngine::renderTile(uint8_t, uint8_t)':
src/engine/graphics/../../../src/engine/graphics/optimized_engine.h:280:45: error: 'layer' was not declared in this scope
  280 |         spritesRendered += layerSpriteCount[layer];
      |                                             ^~~~~
src/engine/graphics/../../../src/engine/graphics/optimized_engine.h: In member function 'void WispEngine::Graphics::OptimizedGraphicsEngine::renderSpriteToTile(const WispEngine::Graphics::SpriteInstance&, const WispEngine::Graphics::OptimizedSprite&, int16_t, int16_t)':
src/engine/graphics/../../../src/engine/graphics/optimized_engine.h:321:26: error: 'max' was not declared in this scope
  321 |         int16_t startX = max(0, -spriteX);
      |                          ^~~
src/engine/database/save_system.cpp:347:10: error: 'file' was not declared in this scope
  347 |     if (!file) {
      |          ^~~~
src/engine/graphics/../../../src/engine/graphics/optimized_engine.h:321:26: note: suggested alternatives:
In file included from C:/Users/digimbyte/.platformio/packages/toolchain-riscv32-esp/riscv32-esp-elf/include/c++/14.2.0/bits/unicode.h:39,
                 from C:/Users/digimbyte/.platformio/packages/toolchain-riscv32-esp/riscv32-esp-elf/include/c++/14.2.0/format:58,
                 from C:/Users/digimbyte/.platformio/packages/toolchain-riscv32-esp/riscv32-esp-elf/include/c++/14.2.0/ostream:43,
                 from C:/Users/digimbyte/.platformio/packages/toolchain-riscv32-esp/riscv32-esp-elf/include/c++/14.2.0/bits/unique_ptr.h:43,      
                 from C:/Users/digimbyte/.platformio/packages/toolchain-riscv32-esp/riscv32-esp-elf/include/c++/14.2.0/memory:78,
                 from src/engine/graphics/../../system/esp32_common.h:55:C:/Users/digimbyte/.platformio/packages/toolchain-riscv32-esp/riscv32-esp-elf/include/c++/14.2.0/bits/stl_algo.h:5715:5: note:   'std::max'       
 5715 |     max(initializer_list<_Tp> __l, _Compare __comp)
      |     ^~~
src/engine/database/save_system.cpp:353:5: error: 'file' was not declared in this scope
  353 |     file.seek(sizeof(WispSaveHeader));
      |     ^~~~
*** [.pio\build\esp32-s3-i80\src\engine\audio\namespace_bridge.cpp.o] Error 1
In file included from C:/Users/digimbyte/.platformio/packages/toolchain-riscv32-esp/riscv32-esp-elf/include/c++/14.2.0/algorithm:63,
                 from src/engine/graphics/../../system/esp32_common.h:62:C:/Users/digimbyte/.platformio/packages/toolchain-riscv32-esp/riscv32-esp-elf/include/c++/14.2.0/bits/ranges_algo.h:2926:29: note:   'std::ranges::max'
 2926 |   inline constexpr __max_fn max{};
      |                             ^~~
src/engine/graphics/../../../src/engine/graphics/optimized_engine.h:323:24: error: 'min' was not declared in this scope
  323 |         int16_t endX = min((int16_t)sprite.header.width, TILE_SIZE - spriteX);
      |                        ^~~
src/engine/graphics/../../../src/engine/graphics/optimized_engine.h:323:24: note: suggested alternatives:
C:/Users/digimbyte/.platformio/packages/toolchain-riscv32-esp/riscv32-esp-elf/include/c++/14.2.0/bits/stl_algo.h:5695:5: note:   'std::min'       
 5695 |     min(initializer_list<_Tp> __l, _Compare __comp)
      |     ^~~
In file included from C:/Users/digimbyte/.platformio/packages/toolchain-riscv32-esp/riscv32-esp-elf/include/c++/14.2.0/tuple:44,
                 from C:/Users/digimbyte/.platformio/packages/toolchain-riscv32-esp/riscv32-esp-elf/include/c++/14.2.0/bits/uses_allocator_args.h:39,
                 from C:/Users/digimbyte/.platformio/packages/toolchain-riscv32-esp/riscv32-esp-elf/include/c++/14.2.0/bits/memory_resource.h:41, 
                 from C:/Users/digimbyte/.platformio/packages/toolchain-riscv32-esp/riscv32-esp-elf/include/c++/14.2.0/string:67:
C:/Users/digimbyte/.platformio/packages/toolchain-riscv32-esp/riscv32-esp-elf/include/c++/14.2.0/bits/ranges_util.h:754:29: note:   'std::ranges::min'
  754 |   inline constexpr __min_fn min{};
      |                             ^~~
src/engine/graphics/namespace_bridge.cpp: At global scope:
src/engine/graphics/namespace_bridge.cpp:71:2: error: expected '}' at end of input
   71 | } // namespace WispEngine
      |  ^
src/engine/graphics/../graphics/engine.h:15:32: note: to match this '{'  
   15 | namespace WispEngine::Graphics {
      |                                ^
src/engine/database/save_system.cpp: In member function 'bool WispSaveSystem::hasSaveFile() const':
src/engine/database/save_system.cpp:522:16: error: 'SD' was not declared 
in this scope
  522 |         return SD.exists(filePath);
      |                ^~
src/engine/database/save_system.cpp:524:16: error: 'SPIFFS' was not declared in this scope
  524 |         return SPIFFS.exists(filePath);
      |                ^~~~~~
src/engine/database/save_system.cpp: In member function 'bool WispSaveSystem::deleteSaveFile()':
src/engine/database/save_system.cpp:533:19: error: 'SD' was not declared 
in this scope
  533 |         success = SD.remove(filePath);
      |                   ^~
src/engine/database/save_system.cpp:535:19: error: 'SPIFFS' was not declared in this scope
  535 |         success = SPIFFS.remove(filePath);
      |                   ^~~~~~
src/engine/database/save_system.cpp: In member function 'void WispSaveSystem::createBackup() const':
src/engine/database/save_system.cpp:577:5: error: 'File' was not declared in this scope
  577 |     File source, dest;
      |     ^~~~
src/engine/database/save_system.cpp:580:9: error: 'source' was not declared in this scope
  580 |         source = SD.open(savePath, FILE_READ);
      |         ^~~~~~
src/engine/database/save_system.cpp:580:18: error: 'SD' was not declared 
in this scope
  580 |         source = SD.open(savePath, FILE_READ);
      |                  ^~
src/engine/database/save_system.cpp:580:36: error: 'FILE_READ' was not declared in this scope; did you mean 'FA_READ'?
  580 |         source = SD.open(savePath, FILE_READ);
      |                                    ^~~~~~~~~
      |                                    FA_READ
src/engine/database/save_system.cpp:581:9: error: 'dest' was not declared in this scope
  581 |         dest = SD.open(backupPath, FILE_WRITE);
      |         ^~~~
src/engine/database/save_system.cpp:581:36: error: 'FILE_WRITE' was not declared in this scope; did you mean 'FA_WRITE'?
  581 |         dest = SD.open(backupPath, FILE_WRITE);
      |                                    ^~~~~~~~~~
      |                                    FA_WRITE
src/engine/database/save_system.cpp:583:9: error: 'source' was not declared in this scope
  583 |         source = SPIFFS.open(savePath, FILE_READ);
      |         ^~~~~~
src/engine/database/save_system.cpp:583:18: error: 'SPIFFS' was not declared in this scope
  583 |         source = SPIFFS.open(savePath, FILE_READ);
      |                  ^~~~~~
src/engine/graphics/../../system/esp32_common.h: In instantiation of 'T constrain(T, T, T) [with T = int]':
src/engine/graphics/../audio/engine.h:342:37:   required from here       
  342 |         mixBuffer[s * 2] = constrain(mixBuffer[s * 2] + sampleL, 
-32767, 32767);
      |                            ~~~~~~~~~^~~~~~~~~~~~~~~~~~~~~~~~~~~~~~~~~~~~~~~~~~~
src/engine/graphics/../../system/esp32_common.h:174:17: error: 'clamp' was not declared in this scope, and no declarations were found by argument-dependent lookup at the point of instantiation
  174 |     return clamp(value, min_val, max_val);
      |            ~~~~~^~~~~~~~~~~~~~~~~~~~~~~~~
src/engine/graphics/../../system/esp32_common.h:255:13: note: 'template<class T> constexpr T clamp(T, T, T)' declared here, later in the translation unit
  255 | constexpr T clamp(T value, T min_val, T max_val) {
      |             ^~~~~
src/engine/database/save_system.cpp:583:40: error: 'FILE_READ' was not declared in this scope; did you mean 'FA_READ'?
  583 |         source = SPIFFS.open(savePath, FILE_READ);
      |                                        ^~~~~~~~~
      |                                        FA_READ
src/engine/database/save_system.cpp:584:9: error: 'dest' was not declared in this scope
  584 |         dest = SPIFFS.open(backupPath, FILE_WRITE);
      |         ^~~~
src/engine/database/save_system.cpp:584:40: error: 'FILE_WRITE' was not declared in this scope; did you mean 'FA_WRITE'?
  584 |         dest = SPIFFS.open(backupPath, FILE_WRITE);
      |                                        ^~~~~~~~~~
      |                                        FA_WRITE
src/engine/database/save_system.cpp:587:9: error: 'source' was not declared in this scope
  587 |     if (source && dest) {
      |         ^~~~~~
src/engine/database/save_system.cpp:587:19: error: 'dest' was not declared in this scope
  587 |     if (source && dest) {
      |                   ^~~~
src/engine/database/save_system.cpp:594:9: error: 'source' was not declared in this scope
  594 |     if (source) source.close();
      |         ^~~~~~
src/engine/database/save_system.cpp:595:9: error: 'dest' was not declared in this scope
  595 |     if (dest) dest.close();
      |         ^~~~
src/engine/database/save_system.cpp: In member function 'bool WispSaveSystem::restoreFromBackup()':
src/engine/database/save_system.cpp:605:24: error: 'SD' was not declared 
in this scope
  605 |         backupExists = SD.exists(backupPath);
      |                        ^~
src/engine/database/save_system.cpp:607:24: error: 'SPIFFS' was not declared in this scope
  607 |         backupExists = SPIFFS.exists(backupPath);
      |                        ^~~~~~
src/engine/database/save_system.cpp:616:5: error: 'File' was not declared in this scope
  616 |     File source, dest;
      |     ^~~~
src/engine/database/save_system.cpp:619:9: error: 'source' was not declared in this scope
  619 |         source = SD.open(backupPath, FILE_READ);
      |         ^~~~~~
src/engine/database/save_system.cpp:619:18: error: 'SD' was not declared 
in this scope
  619 |         source = SD.open(backupPath, FILE_READ);
      |                  ^~
src/engine/database/save_system.cpp:619:38: error: 'FILE_READ' was not declared in this scope; did you mean 'FA_READ'?
  619 |         source = SD.open(backupPath, FILE_READ);
      |                                      ^~~~~~~~~
      |                                      FA_READ
src/engine/database/save_system.cpp:620:9: error: 'dest' was not declared in this scope
  620 |         dest = SD.open(savePath, FILE_WRITE);
      |         ^~~~
src/engine/database/save_system.cpp:620:34: error: 'FILE_WRITE' was not declared in this scope; did you mean 'FA_WRITE'?
  620 |         dest = SD.open(savePath, FILE_WRITE);
      |                                  ^~~~~~~~~~
      |                                  FA_WRITE
src/engine/database/save_system.cpp:622:9: error: 'source' was not declared in this scope
  622 |         source = SPIFFS.open(backupPath, FILE_READ);
      |         ^~~~~~
src/engine/database/save_system.cpp:622:18: error: 'SPIFFS' was not declared in this scope
  622 |         source = SPIFFS.open(backupPath, FILE_READ);
      |                  ^~~~~~
src/engine/database/save_system.cpp:622:42: error: 'FILE_READ' was not declared in this scope; did you mean 'FA_READ'?
  622 |         source = SPIFFS.open(backupPath, FILE_READ);
      |                                          ^~~~~~~~~
      |                                          FA_READ
src/engine/database/save_system.cpp:623:9: error: 'dest' was not declared in this scope
  623 |         dest = SPIFFS.open(savePath, FILE_WRITE);
      |         ^~~~
src/engine/database/save_system.cpp:623:38: error: 'FILE_WRITE' was not declared in this scope; did you mean 'FA_WRITE'?
  623 |         dest = SPIFFS.open(savePath, FILE_WRITE);
      |                                      ^~~~~~~~~~
      |                                      FA_WRITE
src/engine/database/save_system.cpp:627:9: error: 'source' was not declared in this scope
  627 |     if (source && dest) {
      |         ^~~~~~
src/engine/database/save_system.cpp:627:19: error: 'dest' was not declared in this scope
  627 |     if (source && dest) {
      |                   ^~~~
src/engine/database/save_system.cpp:635:9: error: 'source' was not declared in this scope
  635 |     if (source) source.close();
      |         ^~~~~~
src/engine/database/save_system.cpp:636:9: error: 'dest' was not declared in this scope
  636 |     if (dest) dest.close();
      |         ^~~~
src/engine/core/../../system/definitions.h:54:16: warning: 'DUMMY_HEIGHT_MAP' defined but not used [-Wunused-variable]
   54 | static uint8_t DUMMY_HEIGHT_MAP[SCREEN_WIDTH] = {0};
      |                ^~~~~~~~~~~~~~~~
*** [.pio\build\esp32-s3-i80\src\engine\core\debug.cpp.o] Error 1
src/system/definitions.h:54:16: warning: 'DUMMY_HEIGHT_MAP' defined but not used [-Wunused-variable]
   54 | static uint8_t DUMMY_HEIGHT_MAP[SCREEN_WIDTH] = {0};
      |                ^~~~~~~~~~~~~~~~
*** [.pio\build\esp32-s3-i80\src\engine\graphics\namespace_bridge.cpp.o] 
Error 1
src/engine/database/../../utils/debug/../../system/definitions.h: At global scope:
src/engine/database/../../utils/debug/../../system/definitions.h:54:16: warning: 'DUMMY_HEIGHT_MAP' defined but not used [-Wunused-variable]      
   54 | static uint8_t DUMMY_HEIGHT_MAP[SCREEN_WIDTH] = {0};
      |                ^~~~~~~~~~~~~~~~
*** [.pio\build\esp32-s3-i80\src\engine\database\save_system.cpp.o] Error 1
====================== [FAILED] Took 37.38 seconds ======================
Environment    Status    Duration
-------------  --------  ------------
esp32-c6-lcd   FAILED    00:00:17.580
esp32-s3-spi   FAILED    00:00:38.071
esp32-s3-i80   FAILED    00:00:37.379
================= 3 failed, 0 succeeded in 00:01:33.030 =================
 *  The terminal process "C:\Users\digimbyte\.platformio\penv\Scripts\platformio.exe 'run'" terminated with exit code: 1. 